// Vitest Snapshot v1, https://vitest.dev/guide/snapshot.html

exports[`Index.tsx > should render correctly the Index component and take a snapshot 1`] = `
<div
  className="mx-auto max-w-7xl sm:px-6 lg:px-8"
/>
`;
