// Vitest Snapshot v1, https://vitest.dev/guide/snapshot.html

exports[`should render correctly the container component 1`] = `
<div
  className="mx-auto max-w-7xl sm:px-6 lg:px-8"
>
  This is a content
</div>
`;
