// Vitest Snapshot v1, https://vitest.dev/guide/snapshot.html

exports[`Grid.tsx > should render correctly the Grid component and take a snapshot 1`] = `
<div>
  <div
    className="p-4 h-screen-minus-56 grid grid-cols-1 content-between gap-4"
  >
    <div
      className="grid grid-cols-1 md:grid-cols-4 gap-4"
    >
      <div
        className="bg-white"
      >
        <div
          className="flex justify-center"
        >
          <img
            src="https://raw.githubusercontent.com/PokeAPI/sprites/master/sprites/pokemon/1.png"
          />
        </div>
        <div
          className="p-4 flex flex-col gap-4"
        >
          <div
            className="bg-primary"
          >
            <div
              className="p-2 flex justify-between"
            >
              <h2
                className="font-bold capitalize"
              >
                bulbasaur
              </h2>
              <span>
                HP: 
                45
              </span>
            </div>
            <div
              className="px-2 pt-2 pb-2"
            >
              <p>
                Ataque: 
              </p>
              <p>
                Defesa: 
              </p>
            </div>
          </div>
          <div
            className="flex justify-center"
          />
        </div>
      </div>
    </div>
    <div
      className="flex justify-center mb-4"
    >
      <div
        className="mb-4"
      >
        <nav
          aria-label="Pagination"
          className="flex md:gap-4"
        >
          <div
            className="page-item"
            onClick={[Function]}
          >
            &lt;&lt;
          </div>
          <div
            className="page-item"
            onClick={[Function]}
          >
            &lt;
          </div>
          <div
            className="page-item current"
            onClick={[Function]}
          >
            1
          </div>
          <div
            className="page-item"
            onClick={[Function]}
          >
            &gt;
          </div>
          <div
            className="page-item"
            onClick={[Function]}
          >
            &gt;&gt;
          </div>
        </nav>
      </div>
    </div>
  </div>
</div>
`;
