// Vitest Snapshot v1, https://vitest.dev/guide/snapshot.html

exports[`should render correctly the List component 1`] = `"Here we have a list!"`;
